<html>
	<head>
		<title>Title</title>
	</head>
	<body>
		<div id="div1" class="test-class">
			<h1>Header</h1>
			<p>paragraphing</p>
		</div>
	</body>
</html>